---
source: natural_syntax_ls/src/tests.rs
expression: combined
---
[
    (
        POSToken {
            word: "The",
            score: 1.0,
            tag: DT,
            offset_begin: 0,
            offset_end: 3,
        },
        SemanticToken {
            delta_line: 0,
            delta_start: 0,
            length: 3,
            token_type: 18,
            token_modifiers_bitset: 256,
        },
    ),
    (
        POSToken {
            word: "easiest",
            score: 0.8220000000000001,
            tag: JJS,
            offset_begin: 4,
            offset_end: 11,
        },
        SemanticToken {
            delta_line: 0,
            delta_start: 4,
            length: 7,
            token_type: 4,
            token_modifiers_bitset: 512,
        },
    ),
    (
        POSToken {
            word: "way",
            score: 0.998,
            tag: NN,
            offset_begin: 12,
            offset_end: 15,
        },
        SemanticToken {
            delta_line: 0,
            delta_start: 8,
            length: 3,
            token_type: 7,
            token_modifiers_bitset: 0,
        },
    ),
    (
        POSToken {
            word: "of",
            score: 1.0,
            tag: IN,
            offset_begin: 16,
            offset_end: 18,
        },
        SemanticToken {
            delta_line: 0,
            delta_start: 4,
            length: 2,
            token_type: 17,
            token_modifiers_bitset: 64,
        },
    ),
    (
        POSToken {
            word: "getting",
            score: 0.996,
            tag: VBG,
            offset_begin: 19,
            offset_end: 26,
        },
        SemanticToken {
            delta_line: 0,
            delta_start: 3,
            length: 7,
            token_type: 12,
            token_modifiers_bitset: 64,
        },
    ),
    (
        POSToken {
            word: "started",
            score: 0.8320000000000001,
            tag: VBN,
            offset_begin: 27,
            offset_end: 34,
        },
        SemanticToken {
            delta_line: 0,
            delta_start: 8,
            length: 7,
            token_type: 13,
            token_modifiers_bitset: 512,
        },
    ),
    (
        POSToken {
            word: "is",
            score: 1.0,
            tag: VBZ,
            offset_begin: 35,
            offset_end: 37,
        },
        SemanticToken {
            delta_line: 0,
            delta_start: 8,
            length: 2,
            token_type: 13,
            token_modifiers_bitset: 8,
        },
    ),
    (
        POSToken {
            word: "the",
            score: 1.0,
            tag: DT,
            offset_begin: 38,
            offset_end: 41,
        },
        SemanticToken {
            delta_line: 0,
            delta_start: 3,
            length: 3,
            token_type: 18,
            token_modifiers_bitset: 256,
        },
    ),
    (
        POSToken {
            word: "rustler",
            score: 0.558,
            tag: NNP,
            offset_begin: 43,
            offset_end: 50,
        },
        SemanticToken {
            delta_line: 0,
            delta_start: 5,
            length: 7,
            token_type: 7,
            token_modifiers_bitset: 1,
        },
    ),
    (
        POSToken {
            word: "Elixir",
            score: 0.612,
            tag: NNP,
            offset_begin: 51,
            offset_end: 57,
        },
        SemanticToken {
            delta_line: 0,
            delta_start: 8,
            length: 6,
            token_type: 7,
            token_modifiers_bitset: 1,
        },
    ),
    (
        POSToken {
            word: "library",
            score: 0.6910000000000001,
            tag: NN,
            offset_begin: 58,
            offset_end: 65,
        },
        SemanticToken {
            delta_line: 0,
            delta_start: 7,
            length: 7,
            token_type: 7,
            token_modifiers_bitset: 0,
        },
    ),
    (
        POSToken {
            word: "https",
            score: 0.468,
            tag: NNS,
            offset_begin: 67,
            offset_end: 72,
        },
        SemanticToken {
            delta_line: 0,
            delta_start: 9,
            length: 5,
            token_type: 7,
            token_modifiers_bitset: 128,
        },
    ),
    (
        POSToken {
            word: "hex",
            score: 0.914,
            tag: NNP,
            offset_begin: 75,
            offset_end: 78,
        },
        SemanticToken {
            delta_line: 0,
            delta_start: 8,
            length: 3,
            token_type: 7,
            token_modifiers_bitset: 1,
        },
    ),
    (
        POSToken {
            word: "pm",
            score: 0.973,
            tag: NNP,
            offset_begin: 79,
            offset_end: 81,
        },
        SemanticToken {
            delta_line: 0,
            delta_start: 4,
            length: 2,
            token_type: 7,
            token_modifiers_bitset: 1,
        },
    ),
    (
        POSToken {
            word: "packages",
            score: 0.646,
            tag: NNS,
            offset_begin: 82,
            offset_end: 90,
        },
        SemanticToken {
            delta_line: 0,
            delta_start: 3,
            length: 8,
            token_type: 7,
            token_modifiers_bitset: 128,
        },
    ),
    (
        POSToken {
            word: "rustler",
            score: 0.514,
            tag: NNP,
            offset_begin: 91,
            offset_end: 98,
        },
        SemanticToken {
            delta_line: 0,
            delta_start: 9,
            length: 7,
            token_type: 7,
            token_modifiers_bitset: 1,
        },
    ),
    (
        POSToken {
            word: "Add",
            score: 0.926,
            tag: VB,
            offset_begin: 104,
            offset_end: 107,
        },
        SemanticToken {
            delta_line: 2,
            delta_start: 2,
            length: 3,
            token_type: 12,
            token_modifiers_bitset: 0,
        },
    ),
    (
        POSToken {
            word: "the",
            score: 1.0,
            tag: DT,
            offset_begin: 108,
            offset_end: 111,
        },
        SemanticToken {
            delta_line: 0,
            delta_start: 4,
            length: 3,
            token_type: 18,
            token_modifiers_bitset: 256,
        },
    ),
    (
        POSToken {
            word: "rustler",
            score: 0.511,
            tag: NNP,
            offset_begin: 113,
            offset_end: 120,
        },
        SemanticToken {
            delta_line: 0,
            delta_start: 5,
            length: 7,
            token_type: 7,
            token_modifiers_bitset: 1,
        },
    ),
    (
        POSToken {
            word: "Elixir",
            score: 0.65,
            tag: NNP,
            offset_begin: 121,
            offset_end: 127,
        },
        SemanticToken {
            delta_line: 0,
            delta_start: 8,
            length: 6,
            token_type: 7,
            token_modifiers_bitset: 1,
        },
    ),
    (
        POSToken {
            word: "library",
            score: 0.66,
            tag: NN,
            offset_begin: 128,
            offset_end: 135,
        },
        SemanticToken {
            delta_line: 0,
            delta_start: 7,
            length: 7,
            token_type: 7,
            token_modifiers_bitset: 0,
        },
    ),
    (
        POSToken {
            word: "https",
            score: 0.47700000000000004,
            tag: NNS,
            offset_begin: 137,
            offset_end: 142,
        },
        SemanticToken {
            delta_line: 0,
            delta_start: 9,
            length: 5,
            token_type: 7,
            token_modifiers_bitset: 128,
        },
    ),
    (
        POSToken {
            word: "hex",
            score: 0.9430000000000001,
            tag: NNP,
            offset_begin: 145,
            offset_end: 148,
        },
        SemanticToken {
            delta_line: 0,
            delta_start: 8,
            length: 3,
            token_type: 7,
            token_modifiers_bitset: 1,
        },
    ),
    (
        POSToken {
            word: "pm",
            score: 0.963,
            tag: NNP,
            offset_begin: 149,
            offset_end: 151,
        },
        SemanticToken {
            delta_line: 0,
            delta_start: 4,
            length: 2,
            token_type: 7,
            token_modifiers_bitset: 1,
        },
    ),
    (
        POSToken {
            word: "packages",
            score: 0.605,
            tag: NNS,
            offset_begin: 152,
            offset_end: 160,
        },
        SemanticToken {
            delta_line: 0,
            delta_start: 3,
            length: 8,
            token_type: 7,
            token_modifiers_bitset: 128,
        },
    ),
    (
        POSToken {
            word: "rustler",
            score: 0.607,
            tag: NNP,
            offset_begin: 161,
            offset_end: 168,
        },
        SemanticToken {
            delta_line: 0,
            delta_start: 9,
            length: 7,
            token_type: 7,
            token_modifiers_bitset: 1,
        },
    ),
    (
        POSToken {
            word: "as",
            score: 0.994,
            tag: IN,
            offset_begin: 170,
            offset_end: 172,
        },
        SemanticToken {
            delta_line: 0,
            delta_start: 9,
            length: 2,
            token_type: 17,
            token_modifiers_bitset: 64,
        },
    ),
    (
        POSToken {
            word: "a",
            score: 1.0,
            tag: DT,
            offset_begin: 173,
            offset_end: 174,
        },
        SemanticToken {
            delta_line: 0,
            delta_start: 3,
            length: 1,
            token_type: 18,
            token_modifiers_bitset: 256,
        },
    ),
    (
        POSToken {
            word: "dependency",
            score: 0.998,
            tag: NN,
            offset_begin: 177,
            offset_end: 187,
        },
        SemanticToken {
            delta_line: 1,
            delta_start: 2,
            length: 10,
            token_type: 7,
            token_modifiers_bitset: 0,
        },
    ),
    (
        POSToken {
            word: "of",
            score: 1.0,
            tag: IN,
            offset_begin: 188,
            offset_end: 190,
        },
        SemanticToken {
            delta_line: 0,
            delta_start: 11,
            length: 2,
            token_type: 17,
            token_modifiers_bitset: 64,
        },
    ),
    (
        POSToken {
            word: "your",
            score: 0.786,
            tag: PRP,
            offset_begin: 191,
            offset_end: 195,
        },
        SemanticToken {
            delta_line: 0,
            delta_start: 3,
            length: 4,
            token_type: 9,
            token_modifiers_bitset: 0,
        },
    ),
    (
        POSToken {
            word: "project",
            score: 0.994,
            tag: NN,
            offset_begin: 196,
            offset_end: 203,
        },
        SemanticToken {
            delta_line: 0,
            delta_start: 5,
            length: 7,
            token_type: 7,
            token_modifiers_bitset: 0,
        },
    ),
    (
        POSToken {
            word: "Run",
            score: 0.9590000000000001,
            tag: VB,
            offset_begin: 207,
            offset_end: 210,
        },
        SemanticToken {
            delta_line: 1,
            delta_start: 2,
            length: 3,
            token_type: 12,
            token_modifiers_bitset: 0,
        },
    ),
    (
        POSToken {
            word: "mix",
            score: 0.794,
            tag: VB,
            offset_begin: 212,
            offset_end: 215,
        },
        SemanticToken {
            delta_line: 0,
            delta_start: 5,
            length: 3,
            token_type: 12,
            token_modifiers_bitset: 0,
        },
    ),
    (
        POSToken {
            word: "rustler",
            score: 0.483,
            tag: NNP,
            offset_begin: 216,
            offset_end: 223,
        },
        SemanticToken {
            delta_line: 0,
            delta_start: 4,
            length: 7,
            token_type: 7,
            token_modifiers_bitset: 1,
        },
    ),
    (
        POSToken {
            word: "new",
            score: 0.525,
            tag: JJ,
            offset_begin: 224,
            offset_end: 227,
        },
        SemanticToken {
            delta_line: 0,
            delta_start: 8,
            length: 3,
            token_type: 1,
            token_modifiers_bitset: 0,
        },
    ),
    (
        POSToken {
            word: "to",
            score: 1.0,
            tag: TO,
            offset_begin: 229,
            offset_end: 231,
        },
        SemanticToken {
            delta_line: 0,
            delta_start: 5,
            length: 2,
            token_type: 15,
            token_modifiers_bitset: 8,
        },
    ),
    (
        POSToken {
            word: "generate",
            score: 0.99,
            tag: VB,
            offset_begin: 232,
            offset_end: 240,
        },
        SemanticToken {
            delta_line: 0,
            delta_start: 3,
            length: 8,
            token_type: 12,
            token_modifiers_bitset: 0,
        },
    ),
    (
        POSToken {
            word: "a",
            score: 1.0,
            tag: DT,
            offset_begin: 241,
            offset_end: 242,
        },
        SemanticToken {
            delta_line: 0,
            delta_start: 9,
            length: 1,
            token_type: 18,
            token_modifiers_bitset: 256,
        },
    ),
    (
        POSToken {
            word: "new",
            score: 0.997,
            tag: JJ,
            offset_begin: 243,
            offset_end: 246,
        },
        SemanticToken {
            delta_line: 0,
            delta_start: 2,
            length: 3,
            token_type: 1,
            token_modifiers_bitset: 0,
        },
    ),
    (
        POSToken {
            word: "NIF",
            score: 0.611,
            tag: NN,
            offset_begin: 247,
            offset_end: 250,
        },
        SemanticToken {
            delta_line: 0,
            delta_start: 4,
            length: 3,
            token_type: 7,
            token_modifiers_bitset: 0,
        },
    ),
    (
        POSToken {
            word: "in",
            score: 1.0,
            tag: IN,
            offset_begin: 251,
            offset_end: 253,
        },
        SemanticToken {
            delta_line: 0,
            delta_start: 4,
            length: 2,
            token_type: 17,
            token_modifiers_bitset: 64,
        },
    ),
    (
        POSToken {
            word: "your",
            score: 0.608,
            tag: PRP,
            offset_begin: 254,
            offset_end: 258,
        },
        SemanticToken {
            delta_line: 0,
            delta_start: 3,
            length: 4,
            token_type: 9,
            token_modifiers_bitset: 0,
        },
    ),
    (
        POSToken {
            word: "project",
            score: 0.997,
            tag: NN,
            offset_begin: 259,
            offset_end: 266,
        },
        SemanticToken {
            delta_line: 0,
            delta_start: 5,
            length: 7,
            token_type: 7,
            token_modifiers_bitset: 0,
        },
    ),
    (
        POSToken {
            word: "Follow",
            score: 0.977,
            tag: VB,
            offset_begin: 268,
            offset_end: 274,
        },
        SemanticToken {
            delta_line: 0,
            delta_start: 9,
            length: 6,
            token_type: 12,
            token_modifiers_bitset: 0,
        },
    ),
    (
        POSToken {
            word: "the",
            score: 1.0,
            tag: DT,
            offset_begin: 275,
            offset_end: 278,
        },
        SemanticToken {
            delta_line: 0,
            delta_start: 7,
            length: 3,
            token_type: 18,
            token_modifiers_bitset: 256,
        },
    ),
    (
        POSToken {
            word: "instructions",
            score: 0.995,
            tag: NNS,
            offset_begin: 281,
            offset_end: 293,
        },
        SemanticToken {
            delta_line: 1,
            delta_start: 2,
            length: 12,
            token_type: 7,
            token_modifiers_bitset: 128,
        },
    ),
    (
        POSToken {
            word: "If",
            score: 0.991,
            tag: IN,
            offset_begin: 297,
            offset_end: 299,
        },
        SemanticToken {
            delta_line: 1,
            delta_start: 2,
            length: 2,
            token_type: 17,
            token_modifiers_bitset: 64,
        },
    ),
    (
        POSToken {
            word: "you",
            score: 0.974,
            tag: PRP,
            offset_begin: 300,
            offset_end: 303,
        },
        SemanticToken {
            delta_line: 0,
            delta_start: 3,
            length: 3,
            token_type: 9,
            token_modifiers_bitset: 0,
        },
    ),
    (
        POSToken {
            word: "are",
            score: 0.934,
            tag: VBP,
            offset_begin: 304,
            offset_end: 307,
        },
        SemanticToken {
            delta_line: 0,
            delta_start: 4,
            length: 3,
            token_type: 12,
            token_modifiers_bitset: 4,
        },
    ),
    (
        POSToken {
            word: "already",
            score: 0.996,
            tag: RB,
            offset_begin: 308,
            offset_end: 315,
        },
        SemanticToken {
            delta_line: 0,
            delta_start: 4,
            length: 7,
            token_type: 10,
            token_modifiers_bitset: 0,
        },
    ),
    (
        POSToken {
            word: "using",
            score: 0.998,
            tag: VBG,
            offset_begin: 316,
            offset_end: 321,
        },
        SemanticToken {
            delta_line: 0,
            delta_start: 8,
            length: 5,
            token_type: 12,
            token_modifiers_bitset: 64,
        },
    ),
    (
        POSToken {
            word: "serde",
            score: 0.748,
            tag: NNP,
            offset_begin: 324,
            offset_end: 329,
        },
        SemanticToken {
            delta_line: 0,
            delta_start: 8,
            length: 5,
            token_type: 7,
            token_modifiers_bitset: 1,
        },
    ),
    (
        POSToken {
            word: "https",
            score: 0.48,
            tag: NNS,
            offset_begin: 332,
            offset_end: 337,
        },
        SemanticToken {
            delta_line: 0,
            delta_start: 8,
            length: 5,
            token_type: 7,
            token_modifiers_bitset: 128,
        },
    ),
    (
        POSToken {
            word: "serde",
            score: 0.884,
            tag: NNP,
            offset_begin: 340,
            offset_end: 345,
        },
        SemanticToken {
            delta_line: 0,
            delta_start: 8,
            length: 5,
            token_type: 7,
            token_modifiers_bitset: 1,
        },
    ),
    (
        POSToken {
            word: "rs",
            score: 0.672,
            tag: NNP,
            offset_begin: 346,
            offset_end: 348,
        },
        SemanticToken {
            delta_line: 0,
            delta_start: 6,
            length: 2,
            token_type: 7,
            token_modifiers_bitset: 1,
        },
    ),
    (
        POSToken {
            word: "and",
            score: 1.0,
            tag: CC,
            offset_begin: 350,
            offset_end: 353,
        },
        SemanticToken {
            delta_line: 0,
            delta_start: 4,
            length: 3,
            token_type: 15,
            token_modifiers_bitset: 0,
        },
    ),
    (
        POSToken {
            word: "or",
            score: 0.985,
            tag: CC,
            offset_begin: 354,
            offset_end: 356,
        },
        SemanticToken {
            delta_line: 0,
            delta_start: 4,
            length: 2,
            token_type: 15,
            token_modifiers_bitset: 0,
        },
    ),
    (
        POSToken {
            word: "have",
            score: 0.556,
            tag: VBP,
            offset_begin: 357,
            offset_end: 361,
        },
        SemanticToken {
            delta_line: 0,
            delta_start: 3,
            length: 4,
            token_type: 12,
            token_modifiers_bitset: 4,
        },
    ),
    (
        POSToken {
            word: "been",
            score: 0.999,
            tag: VBN,
            offset_begin: 362,
            offset_end: 366,
        },
        SemanticToken {
            delta_line: 0,
            delta_start: 5,
            length: 4,
            token_type: 13,
            token_modifiers_bitset: 512,
        },
    ),
    (
        POSToken {
            word: "using",
            score: 0.993,
            tag: VBG,
            offset_begin: 367,
            offset_end: 372,
        },
        SemanticToken {
            delta_line: 0,
            delta_start: 5,
            length: 5,
            token_type: 12,
            token_modifiers_bitset: 64,
        },
    ),
    (
        POSToken {
            word: "serde",
            score: 0.89,
            tag: NNP,
            offset_begin: 376,
            offset_end: 381,
        },
        SemanticToken {
            delta_line: 1,
            delta_start: 3,
            length: 5,
            token_type: 7,
            token_modifiers_bitset: 1,
        },
    ),
    (
        POSToken {
            word: "rustler",
            score: 0.677,
            tag: NNP,
            offset_begin: 382,
            offset_end: 389,
        },
        SemanticToken {
            delta_line: 0,
            delta_start: 6,
            length: 7,
            token_type: 7,
            token_modifiers_bitset: 1,
        },
    ),
    (
        POSToken {
            word: "before",
            score: 0.927,
            tag: IN,
            offset_begin: 391,
            offset_end: 397,
        },
        SemanticToken {
            delta_line: 0,
            delta_start: 9,
            length: 6,
            token_type: 17,
            token_modifiers_bitset: 64,
        },
    ),
    (
        POSToken {
            word: "please",
            score: 0.6980000000000001,
            tag: VB,
            offset_begin: 399,
            offset_end: 405,
        },
        SemanticToken {
            delta_line: 0,
            delta_start: 8,
            length: 6,
            token_type: 12,
            token_modifiers_bitset: 0,
        },
    ),
    (
        POSToken {
            word: "enable",
            score: 0.9540000000000001,
            tag: VB,
            offset_begin: 406,
            offset_end: 412,
        },
        SemanticToken {
            delta_line: 0,
            delta_start: 7,
            length: 6,
            token_type: 12,
            token_modifiers_bitset: 0,
        },
    ),
    (
        POSToken {
            word: "the",
            score: 1.0,
            tag: DT,
            offset_begin: 413,
            offset_end: 416,
        },
        SemanticToken {
            delta_line: 0,
            delta_start: 7,
            length: 3,
            token_type: 18,
            token_modifiers_bitset: 256,
        },
    ),
    (
        POSToken {
            word: "serde",
            score: 0.707,
            tag: NNP,
            offset_begin: 418,
            offset_end: 423,
        },
        SemanticToken {
            delta_line: 0,
            delta_start: 5,
            length: 5,
            token_type: 7,
            token_modifiers_bitset: 1,
        },
    ),
    (
        POSToken {
            word: "feature",
            score: 0.982,
            tag: NN,
            offset_begin: 425,
            offset_end: 432,
        },
        SemanticToken {
            delta_line: 0,
            delta_start: 7,
            length: 7,
            token_type: 7,
            token_modifiers_bitset: 0,
        },
    ),
    (
        POSToken {
            word: "in",
            score: 1.0,
            tag: IN,
            offset_begin: 433,
            offset_end: 435,
        },
        SemanticToken {
            delta_line: 0,
            delta_start: 8,
            length: 2,
            token_type: 17,
            token_modifiers_bitset: 64,
        },
    ),
    (
        POSToken {
            word: "your",
            score: 0.787,
            tag: PRP,
            offset_begin: 436,
            offset_end: 440,
        },
        SemanticToken {
            delta_line: 0,
            delta_start: 3,
            length: 4,
            token_type: 9,
            token_modifiers_bitset: 0,
        },
    ),
    (
        POSToken {
            word: "NIF",
            score: 0.432,
            tag: NN,
            offset_begin: 441,
            offset_end: 444,
        },
        SemanticToken {
            delta_line: 0,
            delta_start: 5,
            length: 3,
            token_type: 7,
            token_modifiers_bitset: 0,
        },
    ),
    (
        POSToken {
            word: "crate",
            score: 0.971,
            tag: NN,
            offset_begin: 445,
            offset_end: 450,
        },
        SemanticToken {
            delta_line: 0,
            delta_start: 4,
            length: 5,
            token_type: 7,
            token_modifiers_bitset: 0,
        },
    ),
    (
        POSToken {
            word: "s",
            score: 0.675,
            tag: DT,
            offset_begin: 451,
            offset_end: 452,
        },
        SemanticToken {
            delta_line: 0,
            delta_start: 6,
            length: 1,
            token_type: 18,
            token_modifiers_bitset: 256,
        },
    ),
    (
        POSToken {
            word: "Cargo",
            score: 0.5690000000000001,
            tag: NN,
            offset_begin: 456,
            offset_end: 461,
        },
        SemanticToken {
            delta_line: 1,
            delta_start: 3,
            length: 5,
            token_type: 7,
            token_modifiers_bitset: 0,
        },
    ),
    (
        POSToken {
            word: "toml",
            score: 0.485,
            tag: NN,
            offset_begin: 462,
            offset_end: 466,
        },
        SemanticToken {
            delta_line: 0,
            delta_start: 6,
            length: 4,
            token_type: 7,
            token_modifiers_bitset: 0,
        },
    ),
    (
        POSToken {
            word: "on",
            score: 0.996,
            tag: IN,
            offset_begin: 468,
            offset_end: 470,
        },
        SemanticToken {
            delta_line: 0,
            delta_start: 6,
            length: 2,
            token_type: 17,
            token_modifiers_bitset: 64,
        },
    ),
    (
        POSToken {
            word: "the",
            score: 1.0,
            tag: DT,
            offset_begin: 471,
            offset_end: 474,
        },
        SemanticToken {
            delta_line: 0,
            delta_start: 3,
            length: 3,
            token_type: 18,
            token_modifiers_bitset: 256,
        },
    ),
    (
        POSToken {
            word: "rustler",
            score: 0.41200000000000003,
            tag: NNP,
            offset_begin: 476,
            offset_end: 483,
        },
        SemanticToken {
            delta_line: 0,
            delta_start: 5,
            length: 7,
            token_type: 7,
            token_modifiers_bitset: 1,
        },
    ),
    (
        POSToken {
            word: "dependency",
            score: 0.997,
            tag: NN,
            offset_begin: 485,
            offset_end: 495,
        },
        SemanticToken {
            delta_line: 0,
            delta_start: 9,
            length: 10,
            token_type: 7,
            token_modifiers_bitset: 0,
        },
    ),
]
