---
source: natural_syntax_ls/src/tests.rs
expression: types
---
[
    SemanticTokenType(
        "namespace",
    ),
    SemanticTokenType(
        "type",
    ),
    SemanticTokenType(
        "class",
    ),
    SemanticTokenType(
        "enum",
    ),
    SemanticTokenType(
        "interface",
    ),
    SemanticTokenType(
        "struct",
    ),
    SemanticTokenType(
        "typeParameter",
    ),
    SemanticTokenType(
        "parameter",
    ),
    SemanticTokenType(
        "variable",
    ),
    SemanticTokenType(
        "property",
    ),
    SemanticTokenType(
        "enumMember",
    ),
    SemanticTokenType(
        "event",
    ),
    SemanticTokenType(
        "function",
    ),
    SemanticTokenType(
        "method",
    ),
    SemanticTokenType(
        "macro",
    ),
    SemanticTokenType(
        "keyword",
    ),
    SemanticTokenType(
        "modifier",
    ),
    SemanticTokenType(
        "comment",
    ),
    SemanticTokenType(
        "string",
    ),
    SemanticTokenType(
        "number",
    ),
    SemanticTokenType(
        "regexp",
    ),
    SemanticTokenType(
        "operator",
    ),
    SemanticTokenType(
        "decorator",
    ),
]
