---
source: src/tests.rs
expression: parsed
---
[
    POSToken {
        word: "Extracts",
        score: 0.676,
        tag: VBZ,
        offset_begin: 0,
        offset_end: 8,
    },
    POSToken {
        word: "Part",
        score: 0.981,
        tag: NN,
        offset_begin: 9,
        offset_end: 13,
    },
    POSToken {
        word: "of",
        score: 0.999,
        tag: IN,
        offset_begin: 14,
        offset_end: 16,
    },
    POSToken {
        word: "Speech",
        score: 0.902,
        tag: NN,
        offset_begin: 17,
        offset_end: 23,
    },
    POSToken {
        word: "tags",
        score: 0.925,
        tag: NNS,
        offset_begin: 24,
        offset_end: 28,
    },
    POSToken {
        word: "(",
        score: 0.668,
        tag: IN,
        offset_begin: 29,
        offset_end: 30,
    },
    POSToken {
        word: "Noun",
        score: 0.712,
        tag: NN,
        offset_begin: 30,
        offset_end: 34,
    },
    POSToken {
        word: ",",
        score: 0.363,
        tag: CC,
        offset_begin: 34,
        offset_end: 35,
    },
    POSToken {
        word: "Verb",
        score: 0.798,
        tag: NN,
        offset_begin: 36,
        offset_end: 40,
    },
    POSToken {
        word: ",",
        score: 0.23900000000000002,
        tag: CC,
        offset_begin: 40,
        offset_end: 41,
    },
    POSToken {
        word: "Adjective",
        score: 0.467,
        tag: JJ,
        offset_begin: 42,
        offset_end: 51,
    },
    POSToken {
        word: "…",
        score: 0.311,
        tag: CD,
        offset_begin: 51,
        offset_end: 52,
    },
    POSToken {
        word: ")",
        score: 0.315,
        tag: DT,
        offset_begin: 52,
        offset_end: 53,
    },
    POSToken {
        word: "from",
        score: 0.994,
        tag: IN,
        offset_begin: 54,
        offset_end: 58,
    },
    POSToken {
        word: "text",
        score: 0.763,
        tag: NN,
        offset_begin: 59,
        offset_end: 63,
    },
    POSToken {
        word: ".",
        score: 0.5760000000000001,
        tag: WDT,
        offset_begin: 63,
        offset_end: 64,
    },
    POSToken {
        word: "A",
        score: 0.921,
        tag: DT,
        offset_begin: 65,
        offset_end: 66,
    },
    POSToken {
        word: "lightweight",
        score: 0.96,
        tag: JJ,
        offset_begin: 67,
        offset_end: 78,
    },
    POSToken {
        word: "pretrained",
        score: 0.657,
        tag: JJ,
        offset_begin: 79,
        offset_end: 89,
    },
    POSToken {
        word: "model",
        score: 0.987,
        tag: NN,
        offset_begin: 90,
        offset_end: 95,
    },
    POSToken {
        word: "using",
        score: 0.916,
        tag: VBG,
        offset_begin: 96,
        offset_end: 101,
    },
    POSToken {
        word: "MobileBERT",
        score: 0.609,
        tag: NNP,
        offset_begin: 102,
        offset_end: 112,
    },
    POSToken {
        word: "is",
        score: 0.996,
        tag: VBZ,
        offset_begin: 113,
        offset_end: 115,
    },
    POSToken {
        word: "available",
        score: 0.668,
        tag: JJ,
        offset_begin: 116,
        offset_end: 125,
    },
    POSToken {
        word: "for",
        score: 0.999,
        tag: IN,
        offset_begin: 126,
        offset_end: 129,
    },
    POSToken {
        word: "English",
        score: 0.88,
        tag: NNP,
        offset_begin: 130,
        offset_end: 137,
    },
    POSToken {
        word: ".",
        score: 1.0,
        tag: PDT,
        offset_begin: 137,
        offset_end: 138,
    },
]
